[      80ms] [INFO] %cDownload the React DevTools for a better development experience: https://react.dev/link/react-devtools font-weight:bold @ http://localhost:3000/_next/static/chunks/0fpc_next_dist_0p0gslw._.js:776
[      87ms] [LOG] [HMR] connected @ http://localhost:3000/_next/static/chunks/0fpc_next_dist_0p0gslw._.js:776
[     111ms] [ERROR] Encountered a script tag while rendering React component. Scripts inside React components are never executed when rendering on the client. Consider using template tag instead (https://developer.mozilla.org/en-US/docs/Web/HTML/Element/template). @ http://localhost:3000/_next/static/chunks/0fpc_next_dist_0p0gslw._.js:1052
[     125ms] Error: Hydration failed because the server rendered text didn't match the client. As a result this tree will be regenerated on the client. This can happen if a SSR-ed Client Component used:

- A server/client branch `if (typeof window !== 'undefined')`.
- Variable input such as `Date.now()` or `Math.random()` which changes each time it's called.
- Date formatting in a user's locale which doesn't match the server.
- External changing data without sending a snapshot of it along with the HTML.
- Invalid HTML tag nesting.

It can also happen if the client has a browser extension installed which messes with the HTML before React loaded.

https://react.dev/link/hydration-mismatch

  ...
    <SegmentViewNode type="layout" pagePath="(frontend)...">
      <SegmentTrieNode>
      <link>
      <script>
      <script>
      <RootLayout>
        <html className="geistsans_..." lang="pt-BR" suppressHydrationWarning={true}>
          <head>
          <body>
            <Providers>
              <ThemeProvider>
                <HeaderThemeProvider>
                  <AdminBar>
                  <Header>
                    <HeaderClient>
                      <header className="site-header">
                        <div className="ccd-contai...">
                          <LinkComponent>
                          <nav aria-label="Navegação ..." className="site-nav">
                            <LinkComponent>
                            <LinkComponent>
                            <LinkComponent>
                            <LinkComponent>
                            <ThemeToggle>
                              <button
+                               aria-label="Ativar tema claro"
-                               aria-label="Ativar tema escuro"
                                className="theme-toggle"
                                onClick={function onClick}
                                type="button"
                              >
                                <Sun>
                                <Moon>
                                <span className="sr-only">
+                                 Ativar tema claro
-                                 Ativar tema escuro
                            ...
                  ...

    at throwOnHydrationMismatch (http://localhost:3000/_next/static/chunks/0fpc_next_dist_compiled_react-dom_0zd3_z0._.js:3120:56)
    at prepareToHydrateHostInstance (http://localhost:3000/_next/static/chunks/0fpc_next_dist_compiled_react-dom_0zd3_z0._.js:3174:23)
    at completeWork (http://localhost:3000/_next/static/chunks/0fpc_next_dist_compiled_react-dom_0zd3_z0._.js:6749:60)
    at runWithFiberInDEV (http://localhost:3000/_next/static/chunks/0fpc_next_dist_compiled_react-dom_0zd3_z0._.js:761:74)
    at completeUnitOfWork (http://localhost:3000/_next/static/chunks/0fpc_next_dist_compiled_react-dom_0zd3_z0._.js:9452:23)
    at performUnitOfWork (http://localhost:3000/_next/static/chunks/0fpc_next_dist_compiled_react-dom_0zd3_z0._.js:9387:28)
    at workLoopConcurrentByScheduler (http://localhost:3000/_next/static/chunks/0fpc_next_dist_compiled_react-dom_0zd3_z0._.js:9381:58)
    at renderRootConcurrent (http://localhost:3000/_next/static/chunks/0fpc_next_dist_compiled_react-dom_0zd3_z0._.js:9364:71)
    at performWorkOnRoot (http://localhost:3000/_next/static/chunks/0fpc_next_dist_compiled_react-dom_0zd3_z0._.js:8891:150)
    at performWorkOnRootViaSchedulerTask (http://localhost:3000/_next/static/chunks/0fpc_next_dist_compiled_react-dom_0zd3_z0._.js:10085:9)
    at MessagePort.performWorkUntilDeadline (http://localhost:3000/_next/static/chunks/0fpc_next_dist_compiled_0c_5dok._.js:2647:64)
[     325ms] [LOG] [Fast Refresh] rebuilding @ http://localhost:3000/_next/static/chunks/0fpc_next_dist_0p0gslw._.js:776
[     613ms] [LOG] [Fast Refresh] done in 389ms @ http://localhost:3000/_next/static/chunks/0fpc_next_dist_0p0gslw._.js:776
[   23402ms] [LOG] [Fast Refresh] rebuilding @ http://localhost:3000/_next/static/chunks/0fpc_next_dist_0p0gslw._.js:776
[   23403ms] [WARNING] [Fast Refresh] performing full reload

Fast Refresh will perform a full reload when you edit a file that's imported by modules outside of the React rendering tree.
You might have a file which exports a React component but also exports a value that is imported by a non-React component file.
Consider migrating the non-React component export to a separate file and importing it into both files.

It is also possible the parent component of the component you edited is a class component, which disables Fast Refresh.
Fast Refresh requires at least one parent function component in your React tree. @ http://localhost:3000/_next/static/chunks/0fpc_next_dist_0p0gslw._.js:776
[   23488ms] [LOG] [Fast Refresh] done in 3ms @ http://localhost:3000/_next/static/chunks/0fpc_next_dist_0p0gslw._.js:776
[   23648ms] [INFO] %cDownload the React DevTools for a better development experience: https://react.dev/link/react-devtools font-weight:bold @ http://localhost:3000/_next/static/chunks/0fpc_next_dist_0p0gslw._.js:776
[   23662ms] [LOG] [HMR] connected @ http://localhost:3000/_next/static/chunks/0fpc_next_dist_0p0gslw._.js:776
